# probe started at 1781630040 endpoint=http://localhost:8080/checkout/health
1781630040 pass 14
1781630046 pass 13
1781630051 pass 11
1781630056 pass 14
1781630061 pass 12
1781630066 pass 11
1781630071 pass 12
1781630077 pass 11
1781630082 pass 13
1781630087 pass 12
1781630092 pass 14
1781630097 pass 12
1781630102 pass 13
1781630108 pass 11
1781630113 pass 12
1781630118 pass 12
1781630123 pass 14
1781630128 pass 11
1781630133 pass 12
1781630139 pass 12
1781630144 pass 12
1781630149 pass 11
1781630154 pass 18
1781630159 pass 12
1781630164 pass 12
1781630170 pass 12
1781630175 pass 12
1781630180 pass 12
1781630185 pass 11
1781630190 pass 12
1781630195 pass 11
1781630201 pass 11
1781630206 pass 11
1781630211 pass 12
1781630216 pass 12
1781630221 pass 11
1781630226 pass 11
1781630232 pass 11
1781630237 pass 18
1781630242 pass 11
1781630247 pass 11
1781630252 pass 11
1781630257 pass 11
1781630263 pass 11
1781630268 pass 11
1781630273 pass 13
1781630278 pass 12
1781630283 pass 12
1781630288 pass 11
1781630294 pass 11
1781630299 pass 12
1781630304 pass 13
1781630309 pass 11
1781630314 pass 13
1781630319 pass 11
1781630325 pass 10
1781630330 pass 12
1781630335 pass 11
1781630340 pass 13
1781630345 pass 11
1781630350 pass 12
1781630356 pass 12
1781630361 pass 12
1781630366 pass 12
1781630371 pass 11
1781630376 pass 12
1781630381 pass 12
1781630387 pass 12
1781630392 pass 11
1781630397 pass 12
1781630402 pass 11
1781630407 pass 11
1781630412 pass 11
1781630418 pass 11
1781630423 pass 11
1781630428 pass 11
1781630433 pass 11
1781630438 pass 13
1781630443 pass 12
1781630449 pass 11
1781630454 pass 11
1781630459 pass 11
1781630464 pass 11
1781630469 pass 12
1781630474 pass 12
1781630480 pass 11
1781630485 pass 12
1781630490 pass 11
1781630495 pass 11
1781630500 pass 11
1781630505 pass 12
1781630511 pass 11
1781630516 pass 13
1781630521 pass 11
1781630526 pass 12
1781630531 pass 11
1781630536 pass 12
1781630542 pass 11
1781630547 pass 12
1781630552 pass 11
1781630557 pass 11
1781630562 pass 11
1781630567 pass 11
1781630573 pass 12
1781630578 pass 11
1781630583 pass 11
1781630588 pass 12
1781630593 pass 12
1781630598 pass 11
1781630604 pass 11
1781630609 pass 12
1781630614 pass 11
1781630620 pass 11
1781630625 pass 11
1781630630 pass 11
1781630635 pass 11
1781630640 pass 11
1781630645 pass 11
1781630651 pass 11
1781630656 pass 11
1781630661 pass 12
1781630667 pass 11
1781630672 pass 11
1781630677 pass 11
1781630682 pass 12
1781630687 pass 12
1781630692 pass 11
1781630698 pass 11
1781630703 pass 11
1781630708 pass 10
1781630713 pass 11
1781630718 pass 11
1781630723 pass 11
1781630729 pass 11
1781630734 pass 11
1781630739 pass 11
1781630744 pass 12
1781630749 pass 11
1781630754 pass 11
1781630760 pass 11
1781630765 pass 11
1781630770 pass 11
1781630775 pass 11
1781630780 pass 11
1781630785 pass 11
1781630791 pass 11
1781630796 pass 11
1781630801 pass 11
1781630806 pass 11
1781630811 pass 11
1781630816 fail 200 1020
1781630823 fail 200 1041
1781630829 fail 200 1039
1781630835 fail 200 1051
1781630841 pass 11
1781630846 pass 22
1781630852 pass 229
1781630857 pass 11
1781630862 pass 11
1781630867 pass 228
1781630872 pass 12
1781630877 pass 22
1781630883 pass 11
1781630888 pass 12
1781630893 pass 11
1781630898 pass 10
1781630903 pass 228
1781630909 pass 12
1781630915 pass 11
1781630920 pass 11
1781630925 pass 11
1781630930 pass 11
1781630935 pass 12
1781630940 pass 11
1781630946 pass 12
1781630951 pass 12
1781630956 pass 12
1781630961 pass 11
1781630966 pass 12
1781630971 pass 13
1781630977 pass 12
1781630982 pass 11
1781630987 pass 12
1781630992 pass 11
1781630997 pass 11
1781631002 pass 11
1781631008 pass 12
1781631013 pass 12
1781631018 pass 11
1781631023 pass 13
1781631028 pass 11
1781631033 pass 11
1781631039 pass 11
1781631044 pass 48
1781631049 pass 13
1781631054 pass 11
1781631059 pass 11
1781631064 pass 11
1781631070 pass 11
1781631075 pass 11
1781631080 pass 11
1781631085 pass 11
1781631090 pass 11
1781631095 pass 11
1781631101 pass 11
1781631106 pass 11
1781631111 pass 11
1781631116 pass 11
1781631121 pass 11
1781631126 pass 11
1781631132 pass 10
1781631137 pass 11
1781631142 pass 11
1781631147 pass 11
1781631152 pass 11
1781631157 pass 11
1781631163 pass 12
1781631168 pass 11
1781631173 pass 11
1781631178 pass 11
1781631183 pass 12
